// Jest Snapshot v1, https://goo.gl/fbAQLP

exports[`Should render correctly 1`] = `
<article
  className="small-movie-card catalog__movies-card"
>
  <div
    className="small-movie-card__image"
    onMouseOver={[Function]}
  >
    <img
      alt="The Big Lebowski"
      height="175"
      onClick={[Function]}
      src="img/what-we-do-in-the-shadows.jpg"
      width="280"
    />
  </div>
  <h3
    className="small-movie-card__title"
    onClick={[Function]}
  >
    <a
      className="small-movie-card__link"
      href="movie-page.html"
    >
      The Big Lebowski
    </a>
  </h3>
</article>
`;
